// Jest Snapshot v1, https://goo.gl/fbAQLP

exports[`ListOfSamples match to snapshot 1`] = `
<View>
  <View
    accessible={true}
    focusable={true}
    isTVSelectable={true}
    onClick={[Function]}
    onResponderGrant={[Function]}
    onResponderMove={[Function]}
    onResponderRelease={[Function]}
    onResponderTerminate={[Function]}
    onResponderTerminationRequest={[Function]}
    onStartShouldSetResponder={[Function]}
    style={
      Object {
        "opacity": 1,
      }
    }
  >
    <View>
      <Text>
        New Request
      </Text>
      <View>
        <View
          style={
            Array [
              undefined,
              Object {
                "backgroundColor": "#29D98E",
              },
            ]
          }
        />
        <Text>
          Completed
           (
          Jan  13, 1970
          )
        </Text>
      </View>
    </View>
    <RNSVGSvgView
      align="xMidYMid"
      bbHeight="15"
      bbWidth="9"
      fill="none"
      focusable={false}
      height="15"
      meetOrSlice={0}
      minX={0}
      minY={0}
      style={
        Array [
          Object {
            "backgroundColor": "transparent",
            "borderWidth": 0,
          },
          undefined,
          Object {
            "opacity": 1,
          },
          Object {
            "flex": 0,
            "height": 15,
            "width": 9,
          },
        ]
      }
      vbHeight={15}
      vbWidth={9}
      width="9"
    >
      <RNSVGGroup
        fill={null}
        fillOpacity={1}
        fillRule={1}
        font={Object {}}
        matrix={
          Array [
            1,
            0,
            0,
            1,
            0,
            0,
          ]
        }
        opacity={1}
        originX={0}
        originY={0}
        propList={
          Array [
            "fill",
          ]
        }
        rotation={0}
        scaleX={1}
        scaleY={1}
        skewX={0}
        skewY={0}
        stroke={null}
        strokeDasharray={null}
        strokeDashoffset={null}
        strokeLinecap={0}
        strokeLinejoin={0}
        strokeMiterlimit={4}
        strokeOpacity={1}
        strokeWidth={1}
        vectorEffect={0}
        x={0}
        y={0}
      >
        <RNSVGPath
          d="M7.5981 7.50039L0.823859 14.2746C0.657254 14.4412 0.657254 14.7084 0.823859 14.875C0.990465 15.0417 1.25766 15.0417 1.42427 14.875L8.50029 7.79903C8.6669 7.63242 8.6669 7.36522 8.50029 7.19862L1.42427 0.12574C1.34254 0.0440092 1.23251 0 1.12563 0C1.01876 0 0.908733 0.0408659 0.827002 0.12574C0.660397 0.292345 0.660397 0.559543 0.827002 0.726148L7.5981 7.50039Z"
          fill={
            Array [
              0,
              4291085508,
            ]
          }
          fillOpacity={1}
          fillRule={1}
          matrix={
            Array [
              1,
              0,
              0,
              1,
              0,
              0,
            ]
          }
          opacity={1}
          originX={0}
          originY={0}
          propList={
            Array [
              "fill",
            ]
          }
          rotation={0}
          scaleX={1}
          scaleY={1}
          skewX={0}
          skewY={0}
          stroke={null}
          strokeDasharray={null}
          strokeDashoffset={null}
          strokeLinecap={0}
          strokeLinejoin={0}
          strokeMiterlimit={4}
          strokeOpacity={1}
          strokeWidth={1}
          vectorEffect={0}
          x={0}
          y={0}
        />
      </RNSVGGroup>
    </RNSVGSvgView>
  </View>
</View>
`;
