// Jest Snapshot v1, https://goo.gl/fbAQLP

exports[`TextWithLabel match to snapshot 1`] = `
<View>
  <Text>
    label
  </Text>
  <Text>
    text
  </Text>
</View>
`;
