// Jest Snapshot v1, https://goo.gl/fbAQLP

exports[`WithLoader match to snapshot 1`] = `"Some content"`;
